// Jest Snapshot v1, https://goo.gl/fbAQLP

exports[`Button Component Should match the snapshot 1`] = `
<DocumentFragment>
  <header
    class="sc-bdnylx jlFsoE"
  >
    <div
      class="sc-gtssRu jmGQPz"
    >
      <div
        class="sc-dlnjPT epcXMg"
      >
        <img
          alt="Farewill"
          src="logo.svg"
        />
        <p>
          Simpsons Quotes
        </p>
      </div>
    </div>
  </header>
</DocumentFragment>
`;
